Release 14.7 - xst P.20131013 (nt)
Copyright (c) 1995-2013 Xilinx, Inc.  All rights reserved.
--> Parameter TMPDIR set to xst/projnav.tmp


Total REAL time to Xst completion: 1.00 secs
Total CPU time to Xst completion: 0.16 secs
 
--> Parameter xsthdpdir set to xst


Total REAL time to Xst completion: 1.00 secs
Total CPU time to Xst completion: 0.16 secs
 
--> Reading design: MiniMips_BRAM.prj

TABLE OF CONTENTS
  1) Synthesis Options Summary
  2) HDL Parsing
  3) HDL Elaboration
  4) HDL Synthesis
       4.1) HDL Synthesis Report
  5) Advanced HDL Synthesis
       5.1) Advanced HDL Synthesis Report
  6) Low Level Synthesis
  7) Partition Report
  8) Design Summary
       8.1) Primitive and Black Box Usage
       8.2) Device utilization summary
       8.3) Partition Resource Summary
       8.4) Timing Report
            8.4.1) Clock Information
            8.4.2) Asynchronous Control Signals Information
            8.4.3) Timing Summary
            8.4.4) Timing Details
            8.4.5) Cross Clock Domains Report


=========================================================================
*                      Synthesis Options Summary                        *
=========================================================================
---- Source Parameters
Input File Name                    : "MiniMips_BRAM.prj"
Ignore Synthesis Constraint File   : NO

---- Target Parameters
Output File Name                   : "MiniMips_BRAM"
Output Format                      : NGC
Target Device                      : xc6slx16-3-csg324

---- Source Options
Top Module Name                    : MiniMips_BRAM
Automatic FSM Extraction           : YES
FSM Encoding Algorithm             : Auto
Safe Implementation                : No
FSM Style                          : LUT
RAM Extraction                     : Yes
RAM Style                          : Auto
ROM Extraction                     : Yes
Shift Register Extraction          : YES
ROM Style                          : Auto
Resource Sharing                   : YES
Asynchronous To Synchronous        : NO
Shift Register Minimum Size        : 2
Use DSP Block                      : Auto
Automatic Register Balancing       : No

---- Target Options
LUT Combining                      : Auto
Reduce Control Sets                : Auto
Add IO Buffers                     : YES
Global Maximum Fanout              : 100000
Add Generic Clock Buffer(BUFG)     : 16
Register Duplication               : YES
Optimize Instantiated Primitives   : NO
Use Clock Enable                   : Auto
Use Synchronous Set                : Auto
Use Synchronous Reset              : Auto
Pack IO Registers into IOBs        : Auto
Equivalent register Removal        : YES

---- General Options
Optimization Goal                  : Speed
Optimization Effort                : 1
Power Reduction                    : NO
Keep Hierarchy                     : No
Netlist Hierarchy                  : As_Optimized
RTL Output                         : Yes
Global Optimization                : AllClockNets
Read Cores                         : YES
Write Timing Constraints           : NO
Cross Clock Analysis               : NO
Hierarchy Separator                : /
Bus Delimiter                      : <>
Case Specifier                     : Maintain
Slice Utilization Ratio            : 100
BRAM Utilization Ratio             : 100
DSP48 Utilization Ratio            : 100
Auto BRAM Packing                  : NO
Slice Utilization Ratio Delta      : 5

---- Other Options
Cores Search Directories           : {"ipcore_dir"  }

=========================================================================


=========================================================================
*                          HDL Parsing                                  *
=========================================================================
Parsing VHDL file "\\psf\home\Dropbox\UNI 13-14\2nd Semester\Dsd\Xilinx Projects\Lab5\ipcore_dir\DCM.vhd" into library work
Parsing entity <DCM>.
Parsing architecture <xilinx> of entity <dcm>.
Parsing VHDL file "\\psf\home\Dropbox\UNI 13-14\2nd Semester\Dsd\Xilinx Projects\Lab5\ipcore_dir\memory_BRAM.vhd" into library work
Parsing entity <memory_BRAM>.
Parsing architecture <memory_BRAM_a> of entity <memory_bram>.
Parsing VHDL file "\\psf\home\Dropbox\UNI 13-14\2nd Semester\Dsd\Xilinx Projects\Lab5\ShiftRegister2.vhd" into library work
Parsing entity <ShiftRegister2>.
Parsing architecture <Comportamental> of entity <shiftregister2>.
Parsing VHDL file "\\psf\home\Dropbox\UNI 13-14\2nd Semester\Dsd\Xilinx Projects\Lab5\Registers.vhd" into library work
Parsing entity <Registers>.
Parsing architecture <Behavioral> of entity <registers>.
Parsing VHDL file "\\psf\home\Dropbox\UNI 13-14\2nd Semester\Dsd\Xilinx Projects\Lab5\PC.vhd" into library work
Parsing entity <PC>.
Parsing architecture <Behavioral> of entity <pc>.
Parsing VHDL file "\\psf\home\Dropbox\UNI 13-14\2nd Semester\Dsd\Xilinx Projects\Lab5\MyBuffer.vhd" into library work
Parsing entity <MyBuffer>.
Parsing architecture <Behavioral> of entity <mybuffer>.
Parsing VHDL file "\\psf\home\Dropbox\UNI 13-14\2nd Semester\Dsd\Xilinx Projects\Lab5\Multiplexer4.vhd" into library work
Parsing entity <Multiplexer4>.
Parsing architecture <Structural> of entity <multiplexer4>.
Parsing VHDL file "\\psf\home\Dropbox\UNI 13-14\2nd Semester\Dsd\Xilinx Projects\Lab5\Multiplexer2.vhd" into library work
Parsing entity <Multiplexer2>.
Parsing architecture <BehavioralV1> of entity <multiplexer2>.
Parsing VHDL file "\\psf\home\Dropbox\UNI 13-14\2nd Semester\Dsd\Xilinx Projects\Lab5\MemDataReg.vhd" into library work
Parsing entity <MemDataReg>.
Parsing architecture <Behavioral> of entity <memdatareg>.
Parsing VHDL file "\\psf\home\Dropbox\UNI 13-14\2nd Semester\Dsd\Xilinx Projects\Lab5\Instr_Register.vhd" into library work
Parsing entity <Instr_Register>.
Parsing architecture <Behavioral> of entity <instr_register>.
Parsing VHDL file "\\psf\home\Dropbox\UNI 13-14\2nd Semester\Dsd\Xilinx Projects\Lab5\DisplaysManager.vhd" into library work
Parsing entity <DisplaysManager>.
Parsing architecture <Behavioral> of entity <displaysmanager>.
Parsing VHDL file "\\psf\home\Dropbox\UNI 13-14\2nd Semester\Dsd\Xilinx Projects\Lab5\Display7Segments.vhd" into library work
Parsing entity <Display7Segments>.
Parsing architecture <Behavioral> of entity <display7segments>.
Parsing VHDL file "\\psf\home\Dropbox\UNI 13-14\2nd Semester\Dsd\Xilinx Projects\Lab5\Control_BRAM.vhd" into library work
Parsing entity <Control_BRAM>.
Parsing architecture <Comportamental> of entity <control_bram>.
Parsing VHDL file "\\psf\home\Dropbox\UNI 13-14\2nd Semester\Dsd\Xilinx Projects\Lab5\ClockDivisorN.vhd" into library work
Parsing entity <ClockDivisorN>.
Parsing architecture <Behavioral> of entity <clockdivisorn>.
Parsing VHDL file "\\psf\home\Dropbox\UNI 13-14\2nd Semester\Dsd\Xilinx Projects\Lab5\ALUControl.vhd" into library work
Parsing entity <ALUControl>.
Parsing architecture <Behavioral> of entity <alucontrol>.
Parsing VHDL file "\\psf\home\Dropbox\UNI 13-14\2nd Semester\Dsd\Xilinx Projects\Lab5\ALU.vhd" into library work
Parsing entity <ALU>.
Parsing architecture <Behavioral> of entity <alu>.
Parsing VHDL file "\\psf\home\Dropbox\UNI 13-14\2nd Semester\Dsd\Xilinx Projects\Lab5\MiniMips_BRAM.vhd" into library work
Parsing entity <MiniMips_BRAM>.
Parsing architecture <Structural> of entity <minimips_bram>.
WARNING:HDLCompiler:946 - "\\psf\home\Dropbox\UNI 13-14\2nd Semester\Dsd\Xilinx Projects\Lab5\MiniMips_BRAM.vhd" Line 273: Actual for formal port en is neither a static name nor a globally static expression
WARNING:HDLCompiler:946 - "\\psf\home\Dropbox\UNI 13-14\2nd Semester\Dsd\Xilinx Projects\Lab5\MiniMips_BRAM.vhd" Line 293: Actual for formal port clka is neither a static name nor a globally static expression

=========================================================================
*                            HDL Elaboration                            *
=========================================================================

Elaborating entity <MiniMips_BRAM> (architecture <Structural>) from library <work>.

Elaborating entity <DCM> (architecture <xilinx>) from library <work>.

Elaborating entity <PC> (architecture <Behavioral>) from library <work>.

Elaborating entity <Multiplexer2> (architecture <BehavioralV1>) with generics from library <work>.
INFO:HDLCompiler:679 - "\\psf\home\Dropbox\UNI 13-14\2nd Semester\Dsd\Xilinx Projects\Lab5\Multiplexer2.vhd" Line 32. Case statement is complete. others clause is never selected

Elaborating entity <memory_BRAM> (architecture <memory_BRAM_a>) from library <work>.

Elaborating entity <MemDataReg> (architecture <Behavioral>) from library <work>.

Elaborating entity <Instr_Register> (architecture <Behavioral>) from library <work>.

Elaborating entity <Multiplexer2> (architecture <BehavioralV1>) with generics from library <work>.
INFO:HDLCompiler:679 - "\\psf\home\Dropbox\UNI 13-14\2nd Semester\Dsd\Xilinx Projects\Lab5\Multiplexer2.vhd" Line 32. Case statement is complete. others clause is never selected

Elaborating entity <Registers> (architecture <Behavioral>) from library <work>.

Elaborating entity <MyBuffer> (architecture <Behavioral>) from library <work>.

Elaborating entity <Multiplexer4> (architecture <Structural>) with generics from library <work>.
INFO:HDLCompiler:679 - "\\psf\home\Dropbox\UNI 13-14\2nd Semester\Dsd\Xilinx Projects\Lab5\Multiplexer4.vhd" Line 39. Case statement is complete. others clause is never selected

Elaborating entity <ALUControl> (architecture <Behavioral>) from library <work>.

Elaborating entity <ALU> (architecture <Behavioral>) from library <work>.

Elaborating entity <ShiftRegister2> (architecture <Comportamental>) from library <work>.

Elaborating entity <Control_BRAM> (architecture <Comportamental>) from library <work>.

Elaborating entity <DisplaysManager> (architecture <Behavioral>) from library <work>.
WARNING:HDLCompiler:92 - "\\psf\home\Dropbox\UNI 13-14\2nd Semester\Dsd\Xilinx Projects\Lab5\DisplaysManager.vhd" Line 53: b_i should be on the sensitivity list of the process
WARNING:HDLCompiler:92 - "\\psf\home\Dropbox\UNI 13-14\2nd Semester\Dsd\Xilinx Projects\Lab5\DisplaysManager.vhd" Line 56: c_i should be on the sensitivity list of the process
WARNING:HDLCompiler:92 - "\\psf\home\Dropbox\UNI 13-14\2nd Semester\Dsd\Xilinx Projects\Lab5\DisplaysManager.vhd" Line 59: d_i should be on the sensitivity list of the process
WARNING:HDLCompiler:92 - "\\psf\home\Dropbox\UNI 13-14\2nd Semester\Dsd\Xilinx Projects\Lab5\DisplaysManager.vhd" Line 62: a_i should be on the sensitivity list of the process

Elaborating entity <Display7Segments> (architecture <Behavioral>) from library <work>.

Elaborating entity <ClockDivisorN> (architecture <Behavioral>) with generics from library <work>.
WARNING:HDLCompiler:634 - "\\psf\home\Dropbox\UNI 13-14\2nd Semester\Dsd\Xilinx Projects\Lab5\MiniMips_BRAM.vhd" Line 241: Net <auxPort0[3]> does not have a driver.
WARNING:HDLCompiler:634 - "\\psf\home\Dropbox\UNI 13-14\2nd Semester\Dsd\Xilinx Projects\Lab5\MiniMips_BRAM.vhd" Line 242: Net <auxPort1[3]> does not have a driver.
WARNING:HDLCompiler:634 - "\\psf\home\Dropbox\UNI 13-14\2nd Semester\Dsd\Xilinx Projects\Lab5\MiniMips_BRAM.vhd" Line 243: Net <auxPort2[3]> does not have a driver.
WARNING:Xst:2972 - "\\psf\home\Dropbox\UNI 13-14\2nd Semester\Dsd\Xilinx Projects\Lab5\MiniMips_BRAM.vhd" line 503. All outputs of instance <instClockDivider2> of block <ClockDivisorN> are unconnected in block <MiniMips_BRAM>. Underlying logic will be removed.

=========================================================================
*                           HDL Synthesis                               *
=========================================================================

Synthesizing Unit <MiniMips_BRAM>.
    Related source file is "\\psf\home\Dropbox\UNI 13-14\2nd Semester\Dsd\Xilinx Projects\Lab5\MiniMips_BRAM.vhd".
INFO:Xst:3210 - "\\psf\home\Dropbox\UNI 13-14\2nd Semester\Dsd\Xilinx Projects\Lab5\MiniMips_BRAM.vhd" line 438: Output port <MemRead> of the instance <inst_control> is unconnected or connected to loadless signal.
INFO:Xst:3210 - "\\psf\home\Dropbox\UNI 13-14\2nd Semester\Dsd\Xilinx Projects\Lab5\MiniMips_BRAM.vhd" line 503: Output port <clk_div_o> of the instance <instClockDivider2> is unconnected or connected to loadless signal.
WARNING:Xst:653 - Signal <auxPort0<3:0>> is used but never assigned. This sourceless signal will be automatically connected to value GND.
WARNING:Xst:653 - Signal <auxPort1<3:0>> is used but never assigned. This sourceless signal will be automatically connected to value GND.
WARNING:Xst:653 - Signal <auxPort2<3:0>> is used but never assigned. This sourceless signal will be automatically connected to value GND.
    Summary:
	no macro.
Unit <MiniMips_BRAM> synthesized.

Synthesizing Unit <DCM>.
    Related source file is "\\psf\home\Dropbox\UNI 13-14\2nd Semester\Dsd\Xilinx Projects\Lab5\ipcore_dir\DCM.vhd".
    Summary:
	no macro.
Unit <DCM> synthesized.

Synthesizing Unit <PC>.
    Related source file is "\\psf\home\Dropbox\UNI 13-14\2nd Semester\Dsd\Xilinx Projects\Lab5\PC.vhd".
    Found 8-bit register for signal <actual>.
    Summary:
	inferred   8 D-type flip-flop(s).
Unit <PC> synthesized.

Synthesizing Unit <Multiplexer2_1>.
    Related source file is "\\psf\home\Dropbox\UNI 13-14\2nd Semester\Dsd\Xilinx Projects\Lab5\Multiplexer2.vhd".
        WIDTH = 8
    Summary:
	inferred   1 Multiplexer(s).
Unit <Multiplexer2_1> synthesized.

Synthesizing Unit <MemDataReg>.
    Related source file is "\\psf\home\Dropbox\UNI 13-14\2nd Semester\Dsd\Xilinx Projects\Lab5\MemDataReg.vhd".
    Found 8-bit register for signal <aux>.
    Summary:
	inferred   8 D-type flip-flop(s).
Unit <MemDataReg> synthesized.

Synthesizing Unit <Instr_Register>.
    Related source file is "\\psf\home\Dropbox\UNI 13-14\2nd Semester\Dsd\Xilinx Projects\Lab5\Instr_Register.vhd".
    Found 5-bit register for signal <aux2>.
    Found 5-bit register for signal <aux3>.
    Found 6-bit register for signal <aux4>.
    Found 16-bit register for signal <aux1>.
    Found 8-bit register for signal <input0>.
    Found 8-bit register for signal <input1>.
    Found 8-bit register for signal <input2>.
    Summary:
	inferred  56 D-type flip-flop(s).
Unit <Instr_Register> synthesized.

Synthesizing Unit <Multiplexer2_2>.
    Related source file is "\\psf\home\Dropbox\UNI 13-14\2nd Semester\Dsd\Xilinx Projects\Lab5\Multiplexer2.vhd".
        WIDTH = 5
    Summary:
	inferred   1 Multiplexer(s).
Unit <Multiplexer2_2> synthesized.

Synthesizing Unit <Registers>.
    Related source file is "\\psf\home\Dropbox\UNI 13-14\2nd Semester\Dsd\Xilinx Projects\Lab5\Registers.vhd".
    Found 8-bit register for signal <register1>.
    Found 8-bit register for signal <register2>.
    Found 8-bit register for signal <register3>.
    Found 8-bit register for signal <register4>.
    Found 8-bit register for signal <register5>.
    Found 8-bit register for signal <register6>.
    Found 8-bit register for signal <register7>.
    Found 8-bit register for signal <register0>.
    Found 8-bit register for signal <ReadRegister1[4]_dff_34_OUT>.
    Found 8-bit register for signal <ReadRegister2[4]_dff_36_OUT>.
    Found 1-bit register for signal <ReadRegister1[4]_clk_i_DFF_36>.
    Found 1-bit register for signal <ReadRegister1[4]_clk_i_DFF_37>.
    Found 1-bit register for signal <ReadRegister1[4]_clk_i_DFF_38>.
    Found 1-bit register for signal <ReadRegister1[4]_clk_i_DFF_39>.
    Found 1-bit register for signal <ReadRegister1[4]_clk_i_DFF_40>.
    Found 1-bit register for signal <ReadRegister1[4]_clk_i_DFF_41>.
    Found 1-bit register for signal <ReadRegister1[4]_clk_i_DFF_42>.
    Found 1-bit register for signal <ReadRegister1[4]_clk_i_DFF_43>.
    Found 1-bit register for signal <ReadRegister2[4]_clk_i_DFF_44>.
    Found 1-bit register for signal <ReadRegister2[4]_clk_i_DFF_45>.
    Found 1-bit register for signal <ReadRegister2[4]_clk_i_DFF_46>.
    Found 1-bit register for signal <ReadRegister2[4]_clk_i_DFF_47>.
    Found 1-bit register for signal <ReadRegister2[4]_clk_i_DFF_48>.
    Found 1-bit register for signal <ReadRegister2[4]_clk_i_DFF_49>.
    Found 1-bit register for signal <ReadRegister2[4]_clk_i_DFF_50>.
    Found 1-bit register for signal <ReadRegister2[4]_clk_i_DFF_51>.
    Found 32x1-bit Read Only RAM for signal <ReadRegister1[4]_GND_22_o_Mux_39_o>
    Found 32x1-bit Read Only RAM for signal <ReadRegister2[4]_GND_38_o_Mux_55_o>
    Found 8-bit 8-to-1 multiplexer for signal <_n0212> created at line 95.
    Found 8-bit 8-to-1 multiplexer for signal <_n0190> created at line 116.
    Found 1-bit tristate buffer for signal <ReadData1<7>> created at line 58
    Found 1-bit tristate buffer for signal <ReadData1<6>> created at line 58
    Found 1-bit tristate buffer for signal <ReadData1<5>> created at line 58
    Found 1-bit tristate buffer for signal <ReadData1<4>> created at line 58
    Found 1-bit tristate buffer for signal <ReadData1<3>> created at line 58
    Found 1-bit tristate buffer for signal <ReadData1<2>> created at line 58
    Found 1-bit tristate buffer for signal <ReadData1<1>> created at line 58
    Found 1-bit tristate buffer for signal <ReadData1<0>> created at line 58
    Found 1-bit tristate buffer for signal <ReadData2<7>> created at line 58
    Found 1-bit tristate buffer for signal <ReadData2<6>> created at line 58
    Found 1-bit tristate buffer for signal <ReadData2<5>> created at line 58
    Found 1-bit tristate buffer for signal <ReadData2<4>> created at line 58
    Found 1-bit tristate buffer for signal <ReadData2<3>> created at line 58
    Found 1-bit tristate buffer for signal <ReadData2<2>> created at line 58
    Found 1-bit tristate buffer for signal <ReadData2<1>> created at line 58
    Found 1-bit tristate buffer for signal <ReadData2<0>> created at line 58
    Summary:
	inferred   2 RAM(s).
	inferred  96 D-type flip-flop(s).
	inferred   4 Multiplexer(s).
	inferred  16 Tristate(s).
Unit <Registers> synthesized.

Synthesizing Unit <MyBuffer>.
    Related source file is "\\psf\home\Dropbox\UNI 13-14\2nd Semester\Dsd\Xilinx Projects\Lab5\MyBuffer.vhd".
    Found 8-bit register for signal <aux>.
    Summary:
	inferred   8 D-type flip-flop(s).
Unit <MyBuffer> synthesized.

Synthesizing Unit <Multiplexer4>.
    Related source file is "\\psf\home\Dropbox\UNI 13-14\2nd Semester\Dsd\Xilinx Projects\Lab5\Multiplexer4.vhd".
        WIDTH = 8
    Found 8-bit 4-to-1 multiplexer for signal <y_o> created at line 30.
    Summary:
	inferred   1 Multiplexer(s).
Unit <Multiplexer4> synthesized.

Synthesizing Unit <ALUControl>.
    Related source file is "\\psf\home\Dropbox\UNI 13-14\2nd Semester\Dsd\Xilinx Projects\Lab5\ALUControl.vhd".
    Summary:
	no macro.
Unit <ALUControl> synthesized.

Synthesizing Unit <ALU>.
    Related source file is "\\psf\home\Dropbox\UNI 13-14\2nd Semester\Dsd\Xilinx Projects\Lab5\ALU.vhd".
    Found 8-bit adder for signal <ALUSrcA[7]_ALUSrcB[7]_add_0_OUT> created at line 55.
    Found 8-bit subtractor for signal <ALUSrcA[7]_ALUSrcB[7]_sub_3_OUT<7:0>> created at line 58.
    Found 8-bit 7-to-1 multiplexer for signal <auxresult> created at line 53.
    Found 8-bit comparator greater for signal <ALUSrcB[7]_ALUSrcA[7]_LessThan_7_o> created at line 67
    Summary:
	inferred   2 Adder/Subtractor(s).
	inferred   1 Comparator(s).
	inferred  11 Multiplexer(s).
Unit <ALU> synthesized.

Synthesizing Unit <ShiftRegister2>.
    Related source file is "\\psf\home\Dropbox\UNI 13-14\2nd Semester\Dsd\Xilinx Projects\Lab5\ShiftRegister2.vhd".
    Found 8-bit register for signal <bit_o>.
    Summary:
	inferred   8 D-type flip-flop(s).
Unit <ShiftRegister2> synthesized.

Synthesizing Unit <Control_BRAM>.
    Related source file is "\\psf\home\Dropbox\UNI 13-14\2nd Semester\Dsd\Xilinx Projects\Lab5\Control_BRAM.vhd".
    Found 4-bit register for signal <estado_actual>.
    Found finite state machine <FSM_0> for signal <estado_actual>.
    -----------------------------------------------------------------------
    | States             | 14                                             |
    | Transitions        | 37                                             |
    | Inputs             | 9                                              |
    | Outputs            | 19                                             |
    | Clock              | clk_i (rising_edge)                            |
    | Reset              | reset (positive)                               |
    | Reset type         | asynchronous                                   |
    | Reset State        | estado0                                        |
    | Power Up State     | estado0                                        |
    | Encoding           | auto                                           |
    | Implementation     | LUT                                            |
    -----------------------------------------------------------------------
    Summary:
	inferred   1 Finite State Machine(s).
Unit <Control_BRAM> synthesized.

Synthesizing Unit <DisplaysManager>.
    Related source file is "\\psf\home\Dropbox\UNI 13-14\2nd Semester\Dsd\Xilinx Projects\Lab5\DisplaysManager.vhd".
    Found 2-bit register for signal <currentDisplay>.
    Found finite state machine <FSM_1> for signal <currentDisplay>.
    -----------------------------------------------------------------------
    | States             | 4                                              |
    | Transitions        | 8                                              |
    | Inputs             | 1                                              |
    | Outputs            | 4                                              |
    | Clock              | clk_i (rising_edge)                            |
    | Reset              | rst_i (positive)                               |
    | Reset type         | asynchronous                                   |
    | Reset State        | display0                                       |
    | Power Up State     | display0                                       |
    | Encoding           | auto                                           |
    | Implementation     | LUT                                            |
    -----------------------------------------------------------------------
    Summary:
	inferred   1 Finite State Machine(s).
Unit <DisplaysManager> synthesized.

Synthesizing Unit <Display7Segments>.
    Related source file is "\\psf\home\Dropbox\UNI 13-14\2nd Semester\Dsd\Xilinx Projects\Lab5\Display7Segments.vhd".
    Found 16x7-bit Read Only RAM for signal <leds_n_o>
    Summary:
	inferred   1 RAM(s).
Unit <Display7Segments> synthesized.

=========================================================================
HDL Synthesis Report

Macro Statistics
# RAMs                                                 : 3
 16x7-bit single-port Read Only RAM                    : 1
 32x1-bit single-port Read Only RAM                    : 2
# Adders/Subtractors                                   : 2
 8-bit adder                                           : 1
 8-bit subtractor                                      : 1
# Registers                                            : 39
 1-bit register                                        : 16
 16-bit register                                       : 1
 5-bit register                                        : 2
 6-bit register                                        : 1
 8-bit register                                        : 19
# Comparators                                          : 1
 8-bit comparator greater                              : 1
# Multiplexers                                         : 21
 1-bit 2-to-1 multiplexer                              : 3
 5-bit 2-to-1 multiplexer                              : 1
 8-bit 2-to-1 multiplexer                              : 13
 8-bit 4-to-1 multiplexer                              : 2
 8-bit 8-to-1 multiplexer                              : 2
# Tristates                                            : 16
 1-bit tristate buffer                                 : 16
# FSMs                                                 : 2

=========================================================================
INFO:Xst:1767 - HDL ADVISOR - Resource sharing has identified that some arithmetic operations in this design can share the same physical resources for reduced device utilization. For improved clock frequency you may try to disable resource sharing.

=========================================================================
*                       Advanced HDL Synthesis                          *
=========================================================================

Reading core <ipcore_dir/memory_BRAM.ngc>.
Loading core <memory_BRAM> for timing and area information for instance <inst_memory>.
INFO:Xst:2261 - The FF/Latch <ReadRegister2[4]_clk_i_DFF_46> in Unit <inst_Registers> is equivalent to the following 7 FFs/Latches, which will be removed : <ReadRegister2[4]_clk_i_DFF_44> <ReadRegister2[4]_clk_i_DFF_45> <ReadRegister2[4]_clk_i_DFF_49> <ReadRegister2[4]_clk_i_DFF_47> <ReadRegister2[4]_clk_i_DFF_48> <ReadRegister2[4]_clk_i_DFF_50> <ReadRegister2[4]_clk_i_DFF_51> 
INFO:Xst:2261 - The FF/Latch <ReadRegister1[4]_clk_i_DFF_37> in Unit <inst_Registers> is equivalent to the following 7 FFs/Latches, which will be removed : <ReadRegister1[4]_clk_i_DFF_36> <ReadRegister1[4]_clk_i_DFF_40> <ReadRegister1[4]_clk_i_DFF_38> <ReadRegister1[4]_clk_i_DFF_39> <ReadRegister1[4]_clk_i_DFF_43> <ReadRegister1[4]_clk_i_DFF_41> <ReadRegister1[4]_clk_i_DFF_42> 
INFO:Xst:2261 - The FF/Latch <bit_o_0> in Unit <inst_ShiftLeft2> is equivalent to the following FF/Latch, which will be removed : <bit_o_1> 
WARNING:Xst:1710 - FF/Latch <bit_o_0> (without init value) has a constant value of 0 in block <inst_ShiftLeft2>. This FF/Latch will be trimmed during the optimization process.
WARNING:Xst:2677 - Node <input0_2> of sequential type is unconnected in block <inst_instrReg>.
WARNING:Xst:2677 - Node <input0_3> of sequential type is unconnected in block <inst_instrReg>.
WARNING:Xst:2677 - Node <input0_4> of sequential type is unconnected in block <inst_instrReg>.
WARNING:Xst:2677 - Node <input0_5> of sequential type is unconnected in block <inst_instrReg>.
WARNING:Xst:2677 - Node <input0_6> of sequential type is unconnected in block <inst_instrReg>.
WARNING:Xst:2677 - Node <input0_7> of sequential type is unconnected in block <inst_instrReg>.
WARNING:Xst:2677 - Node <input1_5> of sequential type is unconnected in block <inst_instrReg>.
WARNING:Xst:2677 - Node <input1_6> of sequential type is unconnected in block <inst_instrReg>.
WARNING:Xst:2677 - Node <input1_7> of sequential type is unconnected in block <inst_instrReg>.
WARNING:Xst:2677 - Node <input2_0> of sequential type is unconnected in block <inst_instrReg>.
WARNING:Xst:2677 - Node <input2_1> of sequential type is unconnected in block <inst_instrReg>.
WARNING:Xst:2677 - Node <input2_2> of sequential type is unconnected in block <inst_instrReg>.
WARNING:Xst:2677 - Node <aux1_8> of sequential type is unconnected in block <inst_instrReg>.
WARNING:Xst:2677 - Node <aux1_9> of sequential type is unconnected in block <inst_instrReg>.
WARNING:Xst:2677 - Node <aux1_10> of sequential type is unconnected in block <inst_instrReg>.

Synthesizing (advanced) Unit <Display7Segments>.
INFO:Xst:3218 - HDL ADVISOR - The RAM <Mram_leds_n_o> will be implemented on LUTs either because you have described an asynchronous read or because of currently unsupported block RAM features. If you have described an asynchronous read, making it synchronous would allow you to take advantage of available block RAM resources, for optimized device usage and improved timings. Please refer to your documentation for coding guidelines.
    -----------------------------------------------------------------------
    | ram_type           | Distributed                         |          |
    -----------------------------------------------------------------------
    | Port A                                                              |
    |     aspect ratio   | 16-word x 7-bit                     |          |
    |     weA            | connected to signal <GND>           | high     |
    |     addrA          | connected to signal <hex_i>         |          |
    |     diA            | connected to signal <GND>           |          |
    |     doA            | connected to signal <leds_n_o>      |          |
    -----------------------------------------------------------------------
Unit <Display7Segments> synthesized (advanced).

Synthesizing (advanced) Unit <Registers>.
INFO:Xst:3218 - HDL ADVISOR - The RAM <Mram_ReadRegister1[4]_GND_22_o_Mux_39_o> will be implemented on LUTs either because you have described an asynchronous read or because of currently unsupported block RAM features. If you have described an asynchronous read, making it synchronous would allow you to take advantage of available block RAM resources, for optimized device usage and improved timings. Please refer to your documentation for coding guidelines.
    -----------------------------------------------------------------------
    | ram_type           | Distributed                         |          |
    -----------------------------------------------------------------------
    | Port A                                                              |
    |     aspect ratio   | 32-word x 1-bit                     |          |
    |     weA            | connected to signal <GND>           | high     |
    |     addrA          | connected to signal <ReadRegister1> |          |
    |     diA            | connected to signal <GND>           |          |
    |     doA            | connected to internal node          |          |
    -----------------------------------------------------------------------
INFO:Xst:3218 - HDL ADVISOR - The RAM <Mram_ReadRegister2[4]_GND_38_o_Mux_55_o> will be implemented on LUTs either because you have described an asynchronous read or because of currently unsupported block RAM features. If you have described an asynchronous read, making it synchronous would allow you to take advantage of available block RAM resources, for optimized device usage and improved timings. Please refer to your documentation for coding guidelines.
    -----------------------------------------------------------------------
    | ram_type           | Distributed                         |          |
    -----------------------------------------------------------------------
    | Port A                                                              |
    |     aspect ratio   | 32-word x 1-bit                     |          |
    |     weA            | connected to signal <GND>           | high     |
    |     addrA          | connected to signal <ReadRegister2> |          |
    |     diA            | connected to signal <GND>           |          |
    |     doA            | connected to internal node          |          |
    -----------------------------------------------------------------------
Unit <Registers> synthesized (advanced).
WARNING:Xst:2677 - Node <input0_2> of sequential type is unconnected in block <Instr_Register>.
WARNING:Xst:2677 - Node <input0_3> of sequential type is unconnected in block <Instr_Register>.
WARNING:Xst:2677 - Node <input0_4> of sequential type is unconnected in block <Instr_Register>.
WARNING:Xst:2677 - Node <input0_5> of sequential type is unconnected in block <Instr_Register>.
WARNING:Xst:2677 - Node <input0_6> of sequential type is unconnected in block <Instr_Register>.
WARNING:Xst:2677 - Node <input0_7> of sequential type is unconnected in block <Instr_Register>.
WARNING:Xst:2677 - Node <input1_5> of sequential type is unconnected in block <Instr_Register>.
WARNING:Xst:2677 - Node <input1_6> of sequential type is unconnected in block <Instr_Register>.
WARNING:Xst:2677 - Node <input1_7> of sequential type is unconnected in block <Instr_Register>.

=========================================================================
Advanced HDL Synthesis Report

Macro Statistics
# RAMs                                                 : 3
 16x7-bit single-port distributed Read Only RAM        : 1
 32x1-bit single-port distributed Read Only RAM        : 2
# Adders/Subtractors                                   : 2
 8-bit adder                                           : 1
 8-bit subtractor                                      : 1
# Registers                                            : 191
 Flip-Flops                                            : 191
# Comparators                                          : 1
 8-bit comparator greater                              : 1
# Multiplexers                                         : 35
 1-bit 2-to-1 multiplexer                              : 3
 1-bit 8-to-1 multiplexer                              : 16
 5-bit 2-to-1 multiplexer                              : 1
 8-bit 2-to-1 multiplexer                              : 13
 8-bit 4-to-1 multiplexer                              : 2
# FSMs                                                 : 2

=========================================================================

=========================================================================
*                         Low Level Synthesis                           *
=========================================================================
WARNING:Xst:1710 - FF/Latch <bit_o_0> (without init value) has a constant value of 0 in block <ShiftRegister2>. This FF/Latch will be trimmed during the optimization process.
WARNING:Xst:1895 - Due to other FF/Latch trimming, FF/Latch <bit_o_1> (without init value) has a constant value of 0 in block <ShiftRegister2>. This FF/Latch will be trimmed during the optimization process.
INFO:Xst:2261 - The FF/Latch <ReadRegister2[4]_clk_i_DFF_46> in Unit <Registers> is equivalent to the following 7 FFs/Latches, which will be removed : <ReadRegister2[4]_clk_i_DFF_44> <ReadRegister2[4]_clk_i_DFF_45> <ReadRegister2[4]_clk_i_DFF_49> <ReadRegister2[4]_clk_i_DFF_47> <ReadRegister2[4]_clk_i_DFF_48> <ReadRegister2[4]_clk_i_DFF_50> <ReadRegister2[4]_clk_i_DFF_51> 
INFO:Xst:2261 - The FF/Latch <ReadRegister1[4]_clk_i_DFF_37> in Unit <Registers> is equivalent to the following 7 FFs/Latches, which will be removed : <ReadRegister1[4]_clk_i_DFF_36> <ReadRegister1[4]_clk_i_DFF_40> <ReadRegister1[4]_clk_i_DFF_38> <ReadRegister1[4]_clk_i_DFF_39> <ReadRegister1[4]_clk_i_DFF_43> <ReadRegister1[4]_clk_i_DFF_41> <ReadRegister1[4]_clk_i_DFF_42> 
Analyzing FSM <MFsm> for best encoding.
Optimizing FSM <FSM_1> on signal <currentDisplay[1:2]> with gray encoding.
----------------------
 State    | Encoding
----------------------
 display0 | 00
 display1 | 01
 display2 | 11
 display3 | 10
----------------------
Analyzing FSM <MFsm> for best encoding.
Optimizing FSM <FSM_0> on signal <estado_actual[1:4]> with sequential encoding.
----------------------
 State    | Encoding
----------------------
 estado0  | 0000
 estado1  | 0001
 estado2  | 0010
 estado3  | 0011
 estado4  | 0100
 estado5  | 1000
 estado6  | 1011
 estado7  | 1100
 estado8  | 1010
 estado9  | 1001
 estado10 | 0101
 estado11 | 1101
 estado12 | 0111
 estado13 | 0110
----------------------
WARNING:Xst:2042 - Unit Registers: 16 internal tristates are replaced by logic (pull-up yes): ReadData1<0>, ReadData1<1>, ReadData1<2>, ReadData1<3>, ReadData1<4>, ReadData1<5>, ReadData1<6>, ReadData1<7>, ReadData2<0>, ReadData2<1>, ReadData2<2>, ReadData2<3>, ReadData2<4>, ReadData2<5>, ReadData2<6>, ReadData2<7>.

Optimizing unit <MemDataReg> ...

Optimizing unit <MyBuffer> ...

Optimizing unit <MiniMips_BRAM> ...

Optimizing unit <PC> ...

Optimizing unit <Instr_Register> ...

Optimizing unit <Registers> ...

Optimizing unit <ALU> ...
WARNING:Xst:2677 - Node <inst_instrReg/aux1_10> of sequential type is unconnected in block <MiniMips_BRAM>.
WARNING:Xst:2677 - Node <inst_instrReg/aux1_9> of sequential type is unconnected in block <MiniMips_BRAM>.
WARNING:Xst:2677 - Node <inst_instrReg/aux1_8> of sequential type is unconnected in block <MiniMips_BRAM>.
WARNING:Xst:2677 - Node <inst_instrReg/input2_2> of sequential type is unconnected in block <MiniMips_BRAM>.
WARNING:Xst:2677 - Node <inst_instrReg/input2_1> of sequential type is unconnected in block <MiniMips_BRAM>.
WARNING:Xst:2677 - Node <inst_instrReg/input2_0> of sequential type is unconnected in block <MiniMips_BRAM>.

Mapping all equations...
ERROR:Xst:2035 - Port <clk_global> has illegal connections. This port is connected to an input buffer and other components.
Input Buffer:
   Port <I> of node <inst_DCM/clkin1_buf> (IBUFG) in unit <MiniMips_BRAM>
Other Components:
   Port <C> of node <inst_ShiftLeft2/bit_o_2> (FDCE) in unit <MiniMips_BRAM>
   Port <C> of node <inst_ShiftLeft2/bit_o_3> (FDCE) in unit <MiniMips_BRAM>
   Port <C> of node <inst_ShiftLeft2/bit_o_4> (FDCE) in unit <MiniMips_BRAM>
   Port <C> of node <inst_ShiftLeft2/bit_o_5> (FDCE) in unit <MiniMips_BRAM>
   Port <C> of node <inst_ShiftLeft2/bit_o_6> (FDCE) in unit <MiniMips_BRAM>
   Port <C> of node <inst_ShiftLeft2/bit_o_7> (FDCE) in unit <MiniMips_BRAM>
   Port <C> of node <inst_control/estado_actual_FSM_FFd4> (FDC) in unit <MiniMips_BRAM>
   Port <C> of node <inst_dispManager/currentDisplay_FSM_FFd2> (FDC) in unit <MiniMips_BRAM>
   Port <C> of node <inst_dispManager/currentDisplay_FSM_FFd1> (FDC) in unit <MiniMips_BRAM>
   Port <C> of node <inst_control/estado_actual_FSM_FFd1> (FDC) in unit <MiniMips_BRAM>
   Port <C> of node <inst_control/estado_actual_FSM_FFd3> (FDC) in unit <MiniMips_BRAM>
   Port <C> of node <inst_control/estado_actual_FSM_FFd2> (FDC) in unit <MiniMips_BRAM>
   Port <C> of node <inst_pc/actual_0> (FDCE) in unit <MiniMips_BRAM>
   Port <C> of node <inst_pc/actual_1> (FDCE) in unit <MiniMips_BRAM>
   Port <C> of node <inst_pc/actual_2> (FDCE) in unit <MiniMips_BRAM>
   Port <C> of node <inst_pc/actual_3> (FDCE) in unit <MiniMips_BRAM>
   Port <C> of node <inst_pc/actual_4> (FDCE) in unit <MiniMips_BRAM>
   Port <C> of node <inst_pc/actual_5> (FDCE) in unit <MiniMips_BRAM>
   Port <C> of node <inst_pc/actual_6> (FDCE) in unit <MiniMips_BRAM>
   Port <C> of node <inst_pc/actual_7> (FDCE) in unit <MiniMips_BRAM>
   Port <C> of node <inst_memDataReg/aux_0> (FDCE) in unit <MiniMips_BRAM>
   Port <C> of node <inst_memDataReg/aux_1> (FDCE) in unit <MiniMips_BRAM>
   Port <C> of node <inst_memDataReg/aux_2> (FDCE) in unit <MiniMips_BRAM>
   Port <C> of node <inst_memDataReg/aux_3> (FDCE) in unit <MiniMips_BRAM>
   Port <C> of node <inst_memDataReg/aux_4> (FDCE) in unit <MiniMips_BRAM>
   Port <C> of node <inst_memDataReg/aux_5> (FDCE) in unit <MiniMips_BRAM>
   Port <C> of node <inst_memDataReg/aux_6> (FDCE) in unit <MiniMips_BRAM>
   Port <C> of node <inst_memDataReg/aux_7> (FDCE) in unit <MiniMips_BRAM>
   Port <C> of node <inst_instrReg/input0_0> (FDE) in unit <MiniMips_BRAM>
   Port <C> of node <inst_instrReg/input0_1> (FDE) in unit <MiniMips_BRAM>
   Port <C> of node <inst_instrReg/input1_0> (FDE) in unit <MiniMips_BRAM>
   Port <C> of node <inst_instrReg/input1_1> (FDE) in unit <MiniMips_BRAM>
   Port <C> of node <inst_instrReg/input1_2> (FDE) in unit <MiniMips_BRAM>
   Port <C> of node <inst_instrReg/input1_3> (FDE) in unit <MiniMips_BRAM>
   Port <C> of node <inst_instrReg/input1_4> (FDE) in unit <MiniMips_BRAM>
   Port <C> of node <inst_instrReg/input2_3> (FDE) in unit <MiniMips_BRAM>
   Port <C> of node <inst_instrReg/input2_4> (FDE) in unit <MiniMips_BRAM>
   Port <C> of node <inst_instrReg/input2_5> (FDE) in unit <MiniMips_BRAM>
   Port <C> of node <inst_instrReg/input2_6> (FDE) in unit <MiniMips_BRAM>
   Port <C> of node <inst_instrReg/input2_7> (FDE) in unit <MiniMips_BRAM>
   Port <C> of node <inst_instrReg/aux4_0> (FDCE) in unit <MiniMips_BRAM>
   Port <C> of node <inst_instrReg/aux4_1> (FDCE) in unit <MiniMips_BRAM>
   Port <C> of node <inst_instrReg/aux4_2> (FDCE) in unit <MiniMips_BRAM>
   Port <C> of node <inst_instrReg/aux4_3> (FDCE) in unit <MiniMips_BRAM>
   Port <C> of node <inst_instrReg/aux4_4> (FDCE) in unit <MiniMips_BRAM>
   Port <C> of node <inst_instrReg/aux4_5> (FDCE) in unit <MiniMips_BRAM>
   Port <C> of node <inst_instrReg/aux2_0> (FDCE) in unit <MiniMips_BRAM>
   Port <C> of node <inst_instrReg/aux2_1> (FDCE) in unit <MiniMips_BRAM>
   Port <C> of node <inst_instrReg/aux2_2> (FDCE) in unit <MiniMips_BRAM>
   Port <C> of node <inst_instrReg/aux2_3> (FDCE) in unit <MiniMips_BRAM>
   Port <C> of node <inst_instrReg/aux2_4> (FDCE) in unit <MiniMips_BRAM>
   Port <C> of node <inst_instrReg/aux3_0> (FDCE) in unit <MiniMips_BRAM>
   Port <C> of node <inst_instrReg/aux3_1> (FDCE) in unit <MiniMips_BRAM>
   Port <C> of node <inst_instrReg/aux3_2> (FDCE) in unit <MiniMips_BRAM>
   Port <C> of node <inst_instrReg/aux3_3> (FDCE) in unit <MiniMips_BRAM>
   Port <C> of node <inst_instrReg/aux3_4> (FDCE) in unit <MiniMips_BRAM>
   Port <C> of node <inst_instrReg/aux1_0> (FDCE) in unit <MiniMips_BRAM>
   Port <C> of node <inst_instrReg/aux1_1> (FDCE) in unit <MiniMips_BRAM>
   Port <C> of node <inst_instrReg/aux1_2> (FDCE) in unit <MiniMips_BRAM>
   Port <C> of node <inst_instrReg/aux1_3> (FDCE) in unit <MiniMips_BRAM>
   Port <C> of node <inst_instrReg/aux1_4> (FDCE) in unit <MiniMips_BRAM>
   Port <C> of node <inst_instrReg/aux1_5> (FDCE) in unit <MiniMips_BRAM>
   Port <C> of node <inst_instrReg/aux1_6> (FDCE) in unit <MiniMips_BRAM>
   Port <C> of node <inst_instrReg/aux1_7> (FDCE) in unit <MiniMips_BRAM>
   Port <C> of node <inst_instrReg/aux1_11> (FDCE) in unit <MiniMips_BRAM>
   Port <C> of node <inst_instrReg/aux1_12> (FDCE) in unit <MiniMips_BRAM>
   Port <C> of node <inst_instrReg/aux1_13> (FDCE) in unit <MiniMips_BRAM>
   Port <C> of node <inst_instrReg/aux1_14> (FDCE) in unit <MiniMips_BRAM>
   Port <C> of node <inst_instrReg/aux1_15> (FDCE) in unit <MiniMips_BRAM>
   Port <C> of node <inst_Registers/register3_0> (FDCE) in unit <MiniMips_BRAM>
   Port <C> of node <inst_Registers/register3_1> (FDCE) in unit <MiniMips_BRAM>
   Port <C> of node <inst_Registers/register3_2> (FDCE) in unit <MiniMips_BRAM>
   Port <C> of node <inst_Registers/register3_3> (FDCE) in unit <MiniMips_BRAM>
   Port <C> of node <inst_Registers/register3_4> (FDCE) in unit <MiniMips_BRAM>
   Port <C> of node <inst_Registers/register3_5> (FDCE) in unit <MiniMips_BRAM>
   Port <C> of node <inst_Registers/register3_6> (FDCE) in unit <MiniMips_BRAM>
   Port <C> of node <inst_Registers/register3_7> (FDCE) in unit <MiniMips_BRAM>
   Port <C> of node <inst_Registers/register1_0> (FDCE) in unit <MiniMips_BRAM>
   Port <C> of node <inst_Registers/register1_1> (FDCE) in unit <MiniMips_BRAM>
   Port <C> of node <inst_Registers/register1_2> (FDCE) in unit <MiniMips_BRAM>
   Port <C> of node <inst_Registers/register1_3> (FDCE) in unit <MiniMips_BRAM>
   Port <C> of node <inst_Registers/register1_4> (FDCE) in unit <MiniMips_BRAM>
   Port <C> of node <inst_Registers/register1_5> (FDCE) in unit <MiniMips_BRAM>
   Port <C> of node <inst_Registers/register1_6> (FDCE) in unit <MiniMips_BRAM>
   Port <C> of node <inst_Registers/register1_7> (FDCE) in unit <MiniMips_BRAM>
   Port <C> of node <inst_Registers/register2_0> (FDCE) in unit <MiniMips_BRAM>
   Port <C> of node <inst_Registers/register2_1> (FDCE) in unit <MiniMips_BRAM>
   Port <C> of node <inst_Registers/register2_2> (FDCE) in unit <MiniMips_BRAM>
   Port <C> of node <inst_Registers/register2_3> (FDCE) in unit <MiniMips_BRAM>
   Port <C> of node <inst_Registers/register2_4> (FDCE) in unit <MiniMips_BRAM>
   Port <C> of node <inst_Registers/register2_5> (FDCE) in unit <MiniMips_BRAM>
   Port <C> of node <inst_Registers/register2_6> (FDCE) in unit <MiniMips_BRAM>
   Port <C> of node <inst_Registers/register2_7> (FDCE) in unit <MiniMips_BRAM>
   Port <C> of node <inst_Registers/register6_0> (FDCE) in unit <MiniMips_BRAM>
   Port <C> of node <inst_Registers/register6_1> (FDCE) in unit <MiniMips_BRAM>
   Port <C> of node <inst_Registers/register6_2> (FDCE) in unit <MiniMips_BRAM>
   Port <C> of node <inst_Registers/register6_3> (FDCE) in unit <MiniMips_BRAM>
   Port <C> of node <inst_Registers/register6_4> (FDCE) in unit <MiniMips_BRAM>
   Port <C> of node <inst_Registers/register6_5> (FDCE) in unit <MiniMips_BRAM>
   Port <C> of node <inst_Registers/register6_6> (FDCE) in unit <MiniMips_BRAM>
   Port <C> of node <inst_Registers/register6_7> (FDCE) in unit <MiniMips_BRAM>
   Port <C> of node <inst_Registers/register4_0> (FDCE) in unit <MiniMips_BRAM>
   Port <C> of node <inst_Registers/register4_1> (FDCE) in unit <MiniMips_BRAM>
   Port <C> of node <inst_Registers/register4_2> (FDCE) in unit <MiniMips_BRAM>
   Port <C> of node <inst_Registers/register4_3> (FDCE) in unit <MiniMips_BRAM>
   Port <C> of node <inst_Registers/register4_4> (FDCE) in unit <MiniMips_BRAM>
   Port <C> of node <inst_Registers/register4_5> (FDCE) in unit <MiniMips_BRAM>
   Port <C> of node <inst_Registers/register4_6> (FDCE) in unit <MiniMips_BRAM>
   Port <C> of node <inst_Registers/register4_7> (FDCE) in unit <MiniMips_BRAM>
   Port <C> of node <inst_Registers/register5_0> (FDCE) in unit <MiniMips_BRAM>
   Port <C> of node <inst_Registers/register5_1> (FDCE) in unit <MiniMips_BRAM>
   Port <C> of node <inst_Registers/register5_2> (FDCE) in unit <MiniMips_BRAM>
   Port <C> of node <inst_Registers/register5_3> (FDCE) in unit <MiniMips_BRAM>
   Port <C> of node <inst_Registers/register5_4> (FDCE) in unit <MiniMips_BRAM>
   Port <C> of node <inst_Registers/register5_5> (FDCE) in unit <MiniMips_BRAM>
   Port <C> of node <inst_Registers/register5_6> (FDCE) in unit <MiniMips_BRAM>
   Port <C> of node <inst_Registers/register5_7> (FDCE) in unit <MiniMips_BRAM>
   Port <C> of node <inst_Registers/register7_0> (FDCE) in unit <MiniMips_BRAM>
   Port <C> of node <inst_Registers/register7_1> (FDCE) in unit <MiniMips_BRAM>
   Port <C> of node <inst_Registers/register7_2> (FDCE) in unit <MiniMips_BRAM>
   Port <C> of node <inst_Registers/register7_3> (FDCE) in unit <MiniMips_BRAM>
   Port <C> of node <inst_Registers/register7_4> (FDCE) in unit <MiniMips_BRAM>
   Port <C> of node <inst_Registers/register7_5> (FDCE) in unit <MiniMips_BRAM>
   Port <C> of node <inst_Registers/register7_6> (FDCE) in unit <MiniMips_BRAM>
   Port <C> of node <inst_Registers/register7_7> (FDCE) in unit <MiniMips_BRAM>
   Port <C> of node <inst_Registers/register0_0> (FDCE) in unit <MiniMips_BRAM>
   Port <C> of node <inst_Registers/register0_1> (FDCE) in unit <MiniMips_BRAM>
   Port <C> of node <inst_Registers/register0_2> (FDCE) in unit <MiniMips_BRAM>
   Port <C> of node <inst_Registers/register0_3> (FDCE) in unit <MiniMips_BRAM>
   Port <C> of node <inst_Registers/register0_4> (FDCE) in unit <MiniMips_BRAM>
   Port <C> of node <inst_Registers/register0_5> (FDCE) in unit <MiniMips_BRAM>
   Port <C> of node <inst_Registers/register0_6> (FDCE) in unit <MiniMips_BRAM>
   Port <C> of node <inst_Registers/register0_7> (FDCE) in unit <MiniMips_BRAM>
   Port <C> of node <inst_Registers/ReadRegister1[4]_clk_i_DFF_37> (FDE) in unit <MiniMips_BRAM>
   Port <C> of node <inst_Registers/ReadRegister2[4]_clk_i_DFF_46> (FDE) in unit <MiniMips_BRAM>
   Port <C> of node <inst_Registers/ReadData1_0> (FD) in unit <MiniMips_BRAM>
   Port <C> of node <inst_Registers/ReadData1_1> (FD) in unit <MiniMips_BRAM>
   Port <C> of node <inst_Registers/ReadData1_2> (FD) in unit <MiniMips_BRAM>
   Port <C> of node <inst_Registers/ReadData1_3> (FD) in unit <MiniMips_BRAM>
   Port <C> of node <inst_Registers/ReadData1_4> (FD) in unit <MiniMips_BRAM>
   Port <C> of node <inst_Registers/ReadData1_5> (FD) in unit <MiniMips_BRAM>
   Port <C> of node <inst_Registers/ReadData1_6> (FD) in unit <MiniMips_BRAM>
   Port <C> of node <inst_Registers/ReadData1_7> (FD) in unit <MiniMips_BRAM>
   Port <C> of node <inst_Registers/ReadData2_0> (FD) in unit <MiniMips_BRAM>
   Port <C> of node <inst_Registers/ReadData2_1> (FD) in unit <MiniMips_BRAM>
   Port <C> of node <inst_Registers/ReadData2_2> (FD) in unit <MiniMips_BRAM>
   Port <C> of node <inst_Registers/ReadData2_3> (FD) in unit <MiniMips_BRAM>
   Port <C> of node <inst_Registers/ReadData2_4> (FD) in unit <MiniMips_BRAM>
   Port <C> of node <inst_Registers/ReadData2_5> (FD) in unit <MiniMips_BRAM>
   Port <C> of node <inst_Registers/ReadData2_6> (FD) in unit <MiniMips_BRAM>
   Port <C> of node <inst_Registers/ReadData2_7> (FD) in unit <MiniMips_BRAM>
   Port <C> of node <inst_ALUOut/aux_0> (FDCE) in unit <MiniMips_BRAM>
   Port <C> of node <inst_ALUOut/aux_1> (FDCE) in unit <MiniMips_BRAM>
   Port <C> of node <inst_ALUOut/aux_2> (FDCE) in unit <MiniMips_BRAM>
   Port <C> of node <inst_ALUOut/aux_3> (FDCE) in unit <MiniMips_BRAM>
   Port <C> of node <inst_ALUOut/aux_4> (FDCE) in unit <MiniMips_BRAM>
   Port <C> of node <inst_ALUOut/aux_5> (FDCE) in unit <MiniMips_BRAM>
   Port <C> of node <inst_ALUOut/aux_6> (FDCE) in unit <MiniMips_BRAM>
   Port <C> of node <inst_ALUOut/aux_7> (FDCE) in unit <MiniMips_BRAM>
   Port <C> of node <inst_B/aux_0> (FDCE) in unit <MiniMips_BRAM>
   Port <C> of node <inst_B/aux_1> (FDCE) in unit <MiniMips_BRAM>
   Port <C> of node <inst_B/aux_2> (FDCE) in unit <MiniMips_BRAM>
   Port <C> of node <inst_B/aux_3> (FDCE) in unit <MiniMips_BRAM>
   Port <C> of node <inst_B/aux_4> (FDCE) in unit <MiniMips_BRAM>
   Port <C> of node <inst_B/aux_5> (FDCE) in unit <MiniMips_BRAM>
   Port <C> of node <inst_B/aux_6> (FDCE) in unit <MiniMips_BRAM>
   Port <C> of node <inst_B/aux_7> (FDCE) in unit <MiniMips_BRAM>
   Port <C> of node <inst_A/aux_0> (FDCE) in unit <MiniMips_BRAM>
   Port <C> of node <inst_A/aux_1> (FDCE) in unit <MiniMips_BRAM>
   Port <C> of node <inst_A/aux_2> (FDCE) in unit <MiniMips_BRAM>
   Port <C> of node <inst_A/aux_3> (FDCE) in unit <MiniMips_BRAM>
   Port <C> of node <inst_A/aux_4> (FDCE) in unit <MiniMips_BRAM>
   Port <C> of node <inst_A/aux_5> (FDCE) in unit <MiniMips_BRAM>
   Port <C> of node <inst_A/aux_6> (FDCE) in unit <MiniMips_BRAM>
   Port <C> of node <inst_A/aux_7> (FDCE) in unit <MiniMips_BRAM>
   Port <I0> of node <inst_pc/_n0013_inv5> (LUT6) in unit <MiniMips_BRAM>


Total REAL time to Xst completion: 12.00 secs
Total CPU time to Xst completion: 11.90 secs
 
--> 

Total memory usage is 205060 kilobytes

Number of errors   :    1 (   0 filtered)
Number of warnings :   47 (   0 filtered)
Number of infos    :   11 (   0 filtered)

